[    0.000000] Linux version 4.8.0-39-generic (buildd@lgw01-59) (gcc version 6.2.0 20161005 (Ubuntu 6.2.0-5ubuntu12) ) #42-Ubuntu SMP Mon Feb 20 11:47:27 UTC 2017 (Ubuntu 4.8.0-39.42-generic 4.8.17)
[    0.000000] Command line: BOOT_IMAGE=/boot/vmlinuz-4.8.0-39-generic root=LABEL=cloudimg-rootfs ro console=tty1 console=ttyS0
[    0.000000] KERNEL supported cpus:
[    0.000000]   Intel GenuineIntel
[    0.000000]   AMD AuthenticAMD
[    0.000000]   Centaur CentaurHauls
[    0.000000] x86/fpu: Supporting XSAVE feature 0x001: 'x87 floating point registers'
[    0.000000] x86/fpu: Supporting XSAVE feature 0x002: 'SSE registers'
[    0.000000] x86/fpu: Supporting XSAVE feature 0x004: 'AVX registers'
[    0.000000] x86/fpu: xstate_offset[2]:  576, xstate_sizes[2]:  256
[    0.000000] x86/fpu: Enabled xstate features 0x7, context size is 832 bytes, using 'standard' format.
[    0.000000] x86/fpu: Using 'eager' FPU context switches.
[    0.000000] e820: BIOS-provided physical RAM map:
[    0.000000] BIOS-e820: [mem 0x0000000000000000-0x000000000009fbff] usable
[    0.000000] BIOS-e820: [mem 0x000000000009fc00-0x000000000009ffff] reserved
[    0.000000] BIOS-e820: [mem 0x00000000000f0000-0x00000000000fffff] reserved
[    0.000000] BIOS-e820: [mem 0x0000000000100000-0x000000007ffeffff] usable
[    0.000000] BIOS-e820: [mem 0x000000007fff0000-0x000000007fffffff] ACPI data
[    0.000000] BIOS-e820: [mem 0x00000000fffc0000-0x00000000ffffffff] reserved
[    0.000000] NX (Execute Disable) protection: active
[    0.000000] SMBIOS 2.5 present.
[    0.000000] Hypervisor detected: KVM
[    0.000000] e820: last_pfn = 0x7fff0 max_arch_pfn = 0x400000000
[    0.000000] MTRR: Disabled
[    0.000000] x86/PAT: MTRRs disabled, skipping PAT initialization too.
[    0.000000] x86/PAT: Configuration [0-7]: WB  WT  UC- UC  WB  WT  UC- UC  
[    0.000000] CPU MTRRs all blank - virtualized system.
[    0.000000] found SMP MP-table at [mem 0x0009fff0-0x0009ffff] mapped at [ffff9a404009fff0]
[    0.000000] Scanning 1 areas for low memory corruption
[    0.000000] RAMDISK: [mem 0x3695a000-0x374a4fff]
[    0.000000] ACPI: Early table checksum verification disabled
[    0.000000] ACPI: RSDP 0x00000000000E0000 000024 (v02 VBOX  )
[    0.000000] ACPI: XSDT 0x000000007FFF0030 00003C (v01 VBOX   VBOXXSDT 00000001 ASL  00000061)
[    0.000000] ACPI: FACP 0x000000007FFF00F0 0000F4 (v04 VBOX   VBOXFACP 00000001 ASL  00000061)
[    0.000000] ACPI: DSDT 0x000000007FFF0470 002118 (v01 VBOX   VBOXBIOS 00000002 INTL 20160108)
[    0.000000] ACPI: FACS 0x000000007FFF0200 000040
[    0.000000] ACPI: FACS 0x000000007FFF0200 000040
[    0.000000] ACPI: APIC 0x000000007FFF0240 00005C (v02 VBOX   VBOXAPIC 00000001 ASL  00000061)
[    0.000000] ACPI: SSDT 0x000000007FFF02A0 0001CC (v01 VBOX   VBOXCPUT 00000002 INTL 20160108)
[    0.000000] No NUMA configuration found
[    0.000000] Faking a node at [mem 0x0000000000000000-0x000000007ffeffff]
[    0.000000] NODE_DATA(0) allocated [mem 0x7ffeb000-0x7ffeffff]
[    0.000000] kvm-clock: Using msrs 4b564d01 and 4b564d00
[    0.000000] kvm-clock: cpu 0, msr 0:7ffe3001, primary cpu clock
[    0.000000] kvm-clock: using sched offset of 3544434302 cycles
[    0.000000] clocksource: kvm-clock: mask: 0xffffffffffffffff max_cycles: 0x1cd42e4dffb, max_idle_ns: 881590591483 ns
[    0.000000] Zone ranges:
[    0.000000]   DMA      [mem 0x0000000000001000-0x0000000000ffffff]
[    0.000000]   DMA32    [mem 0x0000000001000000-0x000000007ffeffff]
[    0.000000]   Normal   empty
[    0.000000]   Device   empty
[    0.000000] Movable zone start for each node
[    0.000000] Early memory node ranges
[    0.000000]   node   0: [mem 0x0000000000001000-0x000000000009efff]
[    0.000000]   node   0: [mem 0x0000000000100000-0x000000007ffeffff]
[    0.000000] Initmem setup node 0 [mem 0x0000000000001000-0x000000007ffeffff]
[    0.000000] ACPI: PM-Timer IO Port: 0x4008
[    0.000000] IOAPIC[0]: apic_id 2, version 17, address 0xfec00000, GSI 0-23
[    0.000000] ACPI: INT_SRC_OVR (bus 0 bus_irq 0 global_irq 2 dfl dfl)
[    0.000000] ACPI: INT_SRC_OVR (bus 0 bus_irq 9 global_irq 9 high level)
[    0.000000] Using ACPI (MADT) for SMP configuration information
[    0.000000] smpboot: Allowing 2 CPUs, 0 hotplug CPUs
[    0.000000] PM: Registered nosave memory: [mem 0x00000000-0x00000fff]
[    0.000000] PM: Registered nosave memory: [mem 0x0009f000-0x0009ffff]
[    0.000000] PM: Registered nosave memory: [mem 0x000a0000-0x000effff]
[    0.000000] PM: Registered nosave memory: [mem 0x000f0000-0x000fffff]
[    0.000000] e820: [mem 0x80000000-0xfffbffff] available for PCI devices
[    0.000000] Booting paravirtualized kernel on KVM
[    0.000000] clocksource: refined-jiffies: mask: 0xffffffff max_cycles: 0xffffffff, max_idle_ns: 7645519600211568 ns
[    0.000000] setup_percpu: NR_CPUS:512 nr_cpumask_bits:512 nr_cpu_ids:2 nr_node_ids:1
[    0.000000] percpu: Embedded 36 pages/cpu @ffff9a40bfc00000 s107864 r8192 d31400 u1048576
[    0.000000] PV qspinlock hash table entries: 256 (order: 0, 4096 bytes)
[    0.000000] Built 1 zonelists in Node order, mobility grouping on.  Total pages: 515961
[    0.000000] Policy zone: DMA32
[    0.000000] Kernel command line: BOOT_IMAGE=/boot/vmlinuz-4.8.0-39-generic root=LABEL=cloudimg-rootfs ro console=tty1 console=ttyS0
[    0.000000] PID hash table entries: 4096 (order: 3, 32768 bytes)
[    0.000000] Memory: 2032960K/2096696K available (8852K kernel code, 1441K rwdata, 3828K rodata, 1556K init, 1296K bss, 63736K reserved, 0K cma-reserved)
[    0.000000] SLUB: HWalign=64, Order=0-3, MinObjects=0, CPUs=2, Nodes=1
[    0.000000] Hierarchical RCU implementation.
[    0.000000] 	Build-time adjustment of leaf fanout to 64.
[    0.000000] 	RCU restricting CPUs from NR_CPUS=512 to nr_cpu_ids=2.
[    0.000000] RCU: Adjusting geometry for rcu_fanout_leaf=64, nr_cpu_ids=2
[    0.000000] NR_IRQS:33024 nr_irqs:440 16
[    0.000000] Console: colour VGA+ 80x25
[    0.000000] console [tty1] enabled
[    0.000000] console [ttyS0] enabled
[    0.000000] tsc: Detected 2294.662 MHz processor
[    0.358186] Calibrating delay loop (skipped) preset value.. 4589.32 BogoMIPS (lpj=9178648)
[    0.360108] pid_max: default: 32768 minimum: 301
[    0.361144] ACPI: Core revision 20160422
[    0.368987] ACPI: 2 ACPI AML tables successfully acquired and loaded
[    0.373159] 
[    0.373725] Security Framework initialized
[    0.374645] Yama: becoming mindful.
[    0.375505] AppArmor: AppArmor initialized
[    0.377099] Dentry cache hash table entries: 262144 (order: 9, 2097152 bytes)
[    0.385883] Inode-cache hash table entries: 131072 (order: 8, 1048576 bytes)
[    0.402501] Mount-cache hash table entries: 4096 (order: 3, 32768 bytes)
[    0.427630] Mountpoint-cache hash table entries: 4096 (order: 3, 32768 bytes)
[    0.435746] CPU: Physical Processor ID: 0
[    0.449194] CPU: Processor Core ID: 0
[    0.497282] mce: CPU supports 0 MCE banks
[    0.498611] Last level iTLB entries: 4KB 1024, 2MB 1024, 4MB 1024
[    0.519612] Last level dTLB entries: 4KB 1024, 2MB 1024, 4MB 1024, 1GB 4
[    0.523038] Freeing SMP alternatives memory: 32K (ffffffffa8aef000 - ffffffffa8af7000)
[    0.578439] ftrace: allocating 33435 entries in 131 pages
[    0.635221] smpboot: APIC(0) Converting physical 0 to logical package 0
[    0.650582] smpboot: Max logical packages: 1
[    0.682200] ..TIMER: vector=0x30 apic1=0 pin1=2 apic2=-1 pin2=-1
[    0.843277] smpboot: CPU0: Intel(R) Core(TM) i5-4200U CPU @ 1.60GHz (family: 0x6, model: 0x45, stepping: 0x1)
[    0.853714] Performance Events: unsupported p6 CPU model 69 no PMU driver, software events only.
[    0.855794] KVM setup paravirtual spinlock
[    0.857600] x86: Booting SMP configuration:
[    0.899761] .... node  #0, CPUs:      #1
[    0.913069] kvm-clock: cpu 1, msr 0:7ffe3041, secondary cpu clock
[    0.928779] mce: CPU supports 0 MCE banks
[    0.934399] x86: Booted up 1 node, 2 CPUs
[    0.941021] smpboot: Total of 2 processors activated (9178.64 BogoMIPS)
[    0.943050] devtmpfs: initialized
[    0.945040] x86/mm: Memory block size: 128MB
[    0.959813] evm: security.selinux
[    0.961223] evm: security.SMACK64
[    0.963079] evm: security.SMACK64EXEC
[    0.964755] evm: security.SMACK64TRANSMUTE
[    0.966454] evm: security.SMACK64MMAP
[    0.968194] evm: security.ima
[    0.969511] evm: security.capability
[    0.971343] clocksource: jiffies: mask: 0xffffffff max_cycles: 0xffffffff, max_idle_ns: 7645041785100000 ns
[    0.982099] pinctrl core: initialized pinctrl subsystem
[    0.989184] RTC time: 10:03:33, date: 03/05/17
[    1.008521] NET: Registered protocol family 16
[    1.035811] cpuidle: using governor ladder
[    1.063473] cpuidle: using governor menu
[    1.069609] PCCT header not found.
[    1.077114] ACPI: bus type PCI registered
[    1.077956] acpiphp: ACPI Hot Plug PCI Controller Driver version: 0.5
[    1.084549] PCI: Using configuration type 1 for base access
[    1.097206] HugeTLB registered 2 MB page size, pre-allocated 0 pages
[    1.114229] ACPI: Added _OSI(Module Device)
[    1.120435] ACPI: Added _OSI(Processor Device)
[    1.121314] ACPI: Added _OSI(3.0 _SCP Extensions)
[    1.122233] ACPI: Added _OSI(Processor Aggregator Device)
[    1.123606] ACPI: Executed 1 blocks of module-level executable AML code
[    1.127449] ACPI: Interpreter enabled
[    1.152368] ACPI: (supports S0 S5)
[    1.158454] ACPI: Using IOAPIC for interrupt routing
[    1.159749] PCI: Using host bridge windows from ACPI; if necessary, use "pci=nocrs" and report a bug
[    1.181723] ACPI: PCI Root Bridge [PCI0] (domain 0000 [bus 00-ff])
[    1.188329] acpi PNP0A03:00: _OSC: OS supports [ASPM ClockPM Segments MSI]
[    1.189702] acpi PNP0A03:00: _OSC failed (AE_NOT_FOUND); disabling ASPM
[    1.191117] acpi PNP0A03:00: fail to add MMCONFIG information, can't access extended PCI configuration space under this bridge.
[    1.194927] PCI host bridge to bus 0000:00
[    1.208866] pci_bus 0000:00: root bus resource [io  0x0000-0x0cf7 window]
[    1.210274] pci_bus 0000:00: root bus resource [io  0x0d00-0xffff window]
[    1.211628] pci_bus 0000:00: root bus resource [mem 0x000a0000-0x000bffff window]
[    1.213434] pci_bus 0000:00: root bus resource [mem 0x80000000-0xffdfffff window]
[    1.225744] pci_bus 0000:00: root bus resource [bus 00-ff]
[    1.228519] pci 0000:00:01.1: legacy IDE quirk: reg 0x10: [io  0x01f0-0x01f7]
[    1.252951] pci 0000:00:01.1: legacy IDE quirk: reg 0x14: [io  0x03f6]
[    1.254093] pci 0000:00:01.1: legacy IDE quirk: reg 0x18: [io  0x0170-0x0177]
[    1.268638] pci 0000:00:01.1: legacy IDE quirk: reg 0x1c: [io  0x0376]
[    1.344374] ACPI: PCI Interrupt Link [LNKA] (IRQs 5 9 10 *11)
[    1.358792] ACPI: PCI Interrupt Link [LNKB] (IRQs 5 9 10 *11)
[    1.361684] ACPI: PCI Interrupt Link [LNKC] (IRQs 5 9 *10 11)
[    1.375048] ACPI: PCI Interrupt Link [LNKD] (IRQs 5 *9 10 11)
[    1.377893] ACPI: Enabled 2 GPEs in block 00 to 07
[    1.384918] SCSI subsystem initialized
[    1.399935] vgaarb: setting as boot device: PCI:0000:00:02.0
[    1.403628] vgaarb: device added: PCI:0000:00:02.0,decodes=io+mem,owns=io+mem,locks=none
[    1.406568] vgaarb: loaded
[    1.407308] vgaarb: bridge control possible 0000:00:02.0
[    1.408493] ACPI: bus type USB registered
[    1.409448] usbcore: registered new interface driver usbfs
[    1.410679] usbcore: registered new interface driver hub
[    1.418450] usbcore: registered new device driver usb
[    1.426205] PCI: Using ACPI for IRQ routing
[    1.428538] NetLabel: Initializing
[    1.439989] NetLabel:  domain hash size = 128
[    1.454256] NetLabel:  protocols = UNLABELED CIPSOv4
[    1.461636] NetLabel:  unlabeled traffic allowed by default
[    1.463222] clocksource: Switched to clocksource kvm-clock
[    1.475445] VFS: Disk quotas dquot_6.6.0
[    1.481676] VFS: Dquot-cache hash table entries: 512 (order 0, 4096 bytes)
[    1.483163] AppArmor: AppArmor Filesystem Enabled
[    1.487052] pnp: PnP ACPI init
[    1.503760] pnp: PnP ACPI: found 3 devices
[    1.521669] clocksource: acpi_pm: mask: 0xffffff max_cycles: 0xffffff, max_idle_ns: 2085701024 ns
[    1.532668] NET: Registered protocol family 2
[    1.539382] TCP established hash table entries: 16384 (order: 5, 131072 bytes)
[    1.542862] TCP bind hash table entries: 16384 (order: 6, 262144 bytes)
[    1.544248] TCP: Hash tables configured (established 16384 bind 16384)
[    1.545581] UDP hash table entries: 1024 (order: 3, 32768 bytes)
[    1.553356] UDP-Lite hash table entries: 1024 (order: 3, 32768 bytes)
[    1.554736] NET: Registered protocol family 1
[    1.577361] pci 0000:00:00.0: Limiting direct PCI/PCI transfers
[    1.578614] pci 0000:00:01.0: Activating ISA DMA hang workarounds
[    1.587274] pci 0000:00:02.0: Video device with shadowed ROM at [mem 0x000c0000-0x000dffff]
[    1.594224] Trying to unpack rootfs image as initramfs...
[    4.251377] Freeing initrd memory: 11564K (ffff9a407695a000 - ffff9a40774a5000)
[    4.284434] platform rtc_cmos: registered platform RTC device (no PNP device found)
[    4.299414] Scanning for low memory corruption every 60 seconds
[    4.307505] futex hash table entries: 512 (order: 3, 32768 bytes)
[    4.310236] audit: initializing netlink subsys (disabled)
[    4.312438] audit: type=2000 audit(1488708220.565:1): initialized
[    4.315152] Initialise system trusted keyrings
[    4.317459] workingset: timestamp_bits=40 max_order=19 bucket_order=0
[    4.534715] zbud: loaded
[    4.557717] squashfs: version 4.0 (2009/01/31) Phillip Lougher
[    4.657721] fuse init (API version 7.25)
[    4.747779] Allocating IMA blacklist keyring.
[    4.762408] Key type asymmetric registered
[    4.768575] Asymmetric key parser 'x509' registered
[    4.774912] Block layer SCSI generic (bsg) driver version 0.4 loaded (major 248)
[    4.776635] io scheduler noop registered
[    4.777463] io scheduler deadline registered (default)
[    4.778452] io scheduler cfq registered
[    4.779418] pci_hotplug: PCI Hot Plug PCI Core version: 0.5
[    4.780569] pciehp: PCI Express Hot Plug Controller Driver version: 0.4
[    4.781927] ACPI: AC Adapter [AC] (on-line)
[    4.783182] input: Power Button as /devices/LNXSYSTM:00/LNXPWRBN:00/input/input0
[    4.857765] ACPI: Power Button [PWRF]
[    4.877193] input: Sleep Button as /devices/LNXSYSTM:00/LNXSLPBN:00/input/input1
[    4.957491] ACPI: Sleep Button [SLPF]
[    5.058219] ACPI: Battery Slot [BAT0] (battery present)
[    5.167649] GHES: HEST is not enabled!
[    5.217843] Serial: 8250/16550 driver, 32 ports, IRQ sharing enabled
[    5.279311] 00:02: ttyS0 at I/O 0x3f8 (irq = 4, base_baud = 115200) is a 16550A
[    5.327491] tsc: Refined TSC clocksource calibration: 2294.993 MHz
[    5.347668] clocksource: tsc: mask: 0xffffffffffffffff max_cycles: 0x2114bb2df67, max_idle_ns: 440795221657 ns
[    5.379519] Linux agpgart interface v0.103
[    5.403768] brd: module loaded
[    5.408610] loop: module loaded
[    5.430426] scsi host0: ata_piix
[    5.440690] scsi host1: ata_piix
[    5.444752] ata1: PATA max UDMA/33 cmd 0x1f0 ctl 0x3f6 bmdma 0xd000 irq 14
[    5.475862] ata2: PATA max UDMA/33 cmd 0x170 ctl 0x376 bmdma 0xd008 irq 15
[    5.497757] libphy: Fixed MDIO Bus: probed
[    5.617400] tun: Universal TUN/TAP device driver, 1.6
[    5.622518] tun: (C) 1999-2004 Max Krasnyansky <maxk@qualcomm.com>
[    5.623873] PPP generic driver version 2.4.2
[    5.624901] ehci_hcd: USB 2.0 'Enhanced' Host Controller (EHCI) Driver
[    5.626199] ehci-pci: EHCI PCI platform driver
[    5.628717] ehci-platform: EHCI generic platform driver
[    5.787778] ohci_hcd: USB 1.1 'Open' Host Controller (OHCI) Driver
[    5.788897] ohci-pci: OHCI PCI platform driver
[    5.789790] ohci-platform: OHCI generic platform driver
[    5.790787] uhci_hcd: USB Universal Host Controller Interface driver
[    5.792097] i8042: PNP: PS/2 Controller [PNP0303:PS2K,PNP0f03:PS2M] at 0x60,0x64 irq 1,12
[    5.794290] serio: i8042 KBD port at 0x60,0x64 irq 1
[    5.795261] serio: i8042 AUX port at 0x60,0x64 irq 12
[    5.796552] mousedev: PS/2 mouse device common for all mice
[    5.827957] rtc_cmos rtc_cmos: rtc core: registered rtc_cmos as rtc0
[    5.897717] input: AT Translated Set 2 keyboard as /devices/platform/i8042/serio0/input/input2
[    6.107997] rtc_cmos rtc_cmos: alarms up to one day, 114 bytes nvram
[    6.109141] i2c /dev entries driver
[    6.109978] device-mapper: uevent: version 1.0.3
[    6.111146] device-mapper: ioctl: 4.35.0-ioctl (2016-06-23) initialised: dm-devel@redhat.com
[    6.113084] ledtrig-cpu: registered to indicate activity on CPUs
[    6.137260] NET: Registered protocol family 10
[    6.170142] NET: Registered protocol family 17
[    6.173316] Key type dns_resolver registered
[    6.174546] microcode: sig=0x40651, pf=0x40, revision=0x0
[    6.184738] microcode: Microcode Update Driver: v2.01 <tigran@aivazian.fsnet.co.uk>, Peter Oruba
[    6.288083] registered taskstats version 1
[    6.307774] Loading compiled-in X.509 certificates
[    6.313209] Loaded X.509 cert 'Build time autogenerated kernel key: d6584fb7cedf7ce57f7ac3ba9b60b4ff34aeab60'
[    6.319636] zswap: loaded using pool lzo/zbud
[    6.347272] Key type big_key registered
[    6.380022] Key type trusted registered
[    6.391507] Key type encrypted registered
[    6.441992] AppArmor: AppArmor sha1 policy hashing enabled
[    6.458036] ima: No TPM chip found, activating TPM-bypass!
[    6.459483] evm: HMAC attrs: 0x1
[    6.460892]   Magic number: 9:926:71
[    6.462218] rtc_cmos rtc_cmos: setting system clock to 2017-03-05 10:03:39 UTC (1488708219)
[    6.464926] BIOS EDD facility v0.16 2004-Jun-25, 0 devices found
[    6.489482] EDD information not available.
[    6.502677] Freeing unused kernel memory: 1556K (ffffffffa896a000 - ffffffffa8aef000)
[    6.511028] Write protecting the kernel read-only data: 14336k
[    6.515045] Freeing unused kernel memory: 1372K (ffff9a409b0a9000 - ffff9a409b200000)
[    6.521452] Freeing unused kernel memory: 268K (ffff9a409b5bd000 - ffff9a409b600000)
[    6.543685] x86/mm: Checked W+X mappings: passed, no W+X pages found.
Loading, please wait...
starting version[    6.574878] random: systemd-udevd: uninitialized urandom read (16 bytes read)
 231
[    6.576980] random: udevadm: uninitialized urandom read (16 bytes read)
[    6.577080] random: udevadm: uninitialized urandom read (16 bytes read)
[    6.578980] random: udevadm: uninitialized urandom read (16 bytes read)
[    6.579147] random: udevadm: uninitialized urandom read (16 bytes read)
[    6.579195] random: udevadm: uninitialized urandom read (16 bytes read)
[    6.579821] random: udevadm: uninitialized urandom read (16 bytes read)
[    6.579951] random: udevadm: uninitialized urandom read (16 bytes read)
[    6.580108] random: udevadm: uninitialized urandom read (16 bytes read)
[    6.580264] random: udevadm: uninitialized urandom read (16 bytes read)
[    7.678097] e1000: Intel(R) PRO/1000 Network Driver - version 7.3.21-k8-NAPI
[    7.692433] e1000: Copyright (c) 1999-2006 Intel Corporation.
[    7.700452] Fusion MPT base driver 3.04.20
[    7.709009] Copyright (c) 1999-2008 LSI Corporation
[    7.751934] Fusion MPT SPI Host driver 3.04.20
[    7.777059] AVX version of gcm_enc/dec engaged.
[    7.805004] AES CTR mode by8 optimization enabled
[    8.013696] input: ImExPS/2 Generic Explorer Mouse as /devices/platform/i8042/serio1/input/input4
[    8.172144] e1000 0000:00:03.0 eth0: (PCI:33MHz:32-bit) 02:7c:2c:53:31:ef
[    8.207998] e1000 0000:00:03.0 eth0: Intel(R) PRO/1000 Network Connection
[    8.211332] e1000 0000:00:03.0 enp0s3: renamed from eth0
[    8.214032] mptbase: ioc0: Initiating bringup
[    8.327511] ioc0: LSI53C1030 A0: Capabilities={Initiator}
[    8.589493] scsi host2: ioc0: LSI53C1030 A0, FwRev=00000000h, Ports=1, MaxQ=256, IRQ=20
[    8.776326] scsi 2:0:0:0: Direct-Access     VBOX     HARDDISK         1.0  PQ: 0 ANSI: 5
[    8.805520] scsi target2:0:0: Beginning Domain Validation
[    8.814026] scsi target2:0:0: Domain Validation skipping write tests
[    8.818657] scsi target2:0:0: Ending Domain Validation
[    8.828090] scsi target2:0:0: asynchronous
[    8.853911] scsi 2:0:1:0: Direct-Access     VBOX     HARDDISK         1.0  PQ: 0 ANSI: 5
[    8.868629] scsi target2:0:1: Beginning Domain Validation
[    8.873311] scsi target2:0:1: Domain Validation skipping write tests
[    8.874439] scsi target2:0:1: Ending Domain Validation
[    8.875493] scsi target2:0:1: asynchronous
[    8.894899] random: fast init done
[    8.914756] sd 2:0:0:0: Attached scsi generic sg0 type 0
[    8.917694] sd 2:0:0:0: [sda] 20971520 512-byte logical blocks: (10.7 GB/10.0 GiB)
[    8.954030] sd 2:0:0:0: [sda] Write Protect is off
[    8.954630] sd 2:0:1:0: Attached scsi generic sg1 type 0
[    8.954932] sd 2:0:1:0: [sdb] 20480 512-byte logical blocks: (10.5 MB/10.0 MiB)
[    8.955069] sd 2:0:1:0: [sdb] Write Protect is off
[    8.955171] sd 2:0:1:0: [sdb] Incomplete mode parameter data
[    8.955172] sd 2:0:1:0: [sdb] Assuming drive cache: write through
[    8.990791] sd 2:0:1:0: [sdb] Attached SCSI disk
[    9.447540] sd 2:0:0:0: [sda] Incomplete mode parameter data
[    9.452545] sd 2:0:0:0: [sda] Assuming drive cache: write through
[    9.463288]  sda: sda1
[    9.473775] sd 2:0:0:0: [sda] Attached SCSI disk
[   10.739371] floppy0: no floppy controllers found
Begin: Loading essential drivers[   12.340542] md: linear personality registered for level -1
 ... [   12.365758] md: multipath personality registered for level -4
[   12.397805] md: raid0 personality registered for level 0
[   12.415712] md: raid1 personality registered for level 1
[   12.506684] raid6: sse2x1   gen()  6491 MB/s
[   12.606744] raid6: sse2x1   xor()  5391 MB/s
[   12.831380] raid6: sse2x2   gen()  8497 MB/s
[   13.030814] raid6: sse2x2   xor()  5583 MB/s
[   13.240183] raid6: sse2x4   gen()  7639 MB/s
[   13.346698] raid6: sse2x4   xor()  6784 MB/s
[   13.379643] raid6: using algorithm sse2x2 gen() 8497 MB/s
[   13.380656] raid6: .... xor() 5583 MB/s, rmw enabled
[   13.381632] raid6: using ssse3x2 recovery algorithm
[   13.384725] xor: automatically using best checksumming function: avx
[   13.391297] async_tx: api initialized (async)
[   13.404424] md: raid6 personality registered for level 6
[   13.410687] md: raid5 personality registered for level 5
[   13.424305] md: raid4 personality registered for level 4
[   13.434629] md: raid10 personality registered for level 10
done.
Begin: Running /scripts/init-premount ... done.
Begin: Mounting root file system ... Begin: Running /scripts/local-top ... done.
Begin: Running /scripts/local-premount ... [   13.521366] Btrfs loaded, crc32c=crc32c-intel
Scanning for Btrfs filesystems
done.
Warning: fsck no[   13.640330] EXT4-fs (sda1): INFO: recovery required on readonly filesystem
t present, so skipping root file system
[   13.646286] EXT4-fs (sda1): write access will be enabled during recovery
[   13.714311] EXT4-fs (sda1): orphan cleanup on readonly fs
[   13.724509] EXT4-fs (sda1): 5 orphan inodes deleted
[   13.725553] EXT4-fs (sda1): recovery complete
[   13.727236] EXT4-fs (sda1): mounted filesystem with ordered data mode. Opts: (null)
done.
Begin: Running /scripts/local-bottom ... done.
Begin: Running /scripts/init-bottom ... /scripts/init-bottom/plymouth: line 18: /bin/plymouth: not found
done.
[   14.611419] ip_tables: (C) 2000-2006 Netfilter Core Team
[   14.799191] systemd[1]: systemd 231 running in system mode. (+PAM +AUDIT +SELINUX +IMA +APPARMOR +SMACK +SYSVINIT +UTMP +LIBCRYPTSETUP +GCRYPT +GNUTLS +ACL +XZ -LZ4 +SECCOMP +BLKID +ELFUTILS +KMOD +IDN)
[   14.829769] systemd[1]: Detected virtualization oracle.
[   14.830775] systemd[1]: Detected architecture x86-64.

Welcome to [1mUbuntu 16.10[0m!

[   14.868397] systemd[1]: Set hostname to <rails-dev-box>.
[   15.877437] systemd[1]: Listening on Syslog Socket.
[[0;32m  OK  [0m] Listening on Syslog Socket.
[   15.929300] systemd[1]: Listening on Journal Socket (/dev/log).
[[0;32m  OK  [0m] Listening on Journal Socket (/dev/log).
[   15.940852] systemd[1]: Started Forward Password Requests to Wall Directory Watch.
[[0;32m  OK  [0m] Started Forward Password Requests to Wall Directory Watch.
[   15.945657] systemd[1]: Listening on LVM2 poll daemon socket.
[[0;32m  OK  [0m] Listening on LVM2 poll daemon socket.
[   15.948501] systemd[1]: Set up automount Arbitrary Executable File Formats File System Automount Point.
[[0;32m  OK  [0m] Set up automount Arbitrary Executab...ats File System Automount Point.
[   15.990236] systemd[1]: Reached target Encrypted Volumes.
[[0;32m  OK  [0m] Reached target Encrypted Volumes.
[[0;32m  OK  [0m] Listening on Journal Socket.
[[0;32m  OK  [0m] Listening on Journal Audit Socket.
[[0;32m  OK  [0m] Reached target User and Group Name Lookups.
[[0;32m  OK  [0m] Listening on udev Kernel Socket.
[   15.997888] random: crng init done
[[0;32m  OK  [0m] Listening on /dev/initctl Compatibility Named Pipe.
[[0;32m  OK  [0m] Listening on Device-mapper event daemon FIFOs.
[[0;32m  OK  [0m] Created slice User and Session Slice.
[[0;32m  OK  [0m] Listening on LVM2 metadata daemon socket.
[[0;32m  OK  [0m] Listening on udev Control Socket.
[[0;32m  OK  [0m] Created slice System Slice.
         Mounting Huge Pages File System...
         Starting Journal Service...
[[0;32m  OK  [0m] Created slice system-serial\x2dgetty.slice.
         Starting Set the console keyboard layout...
         Starting Remount Root and Kernel File Systems...
[   16.153127] EXT4-fs (sda1): re-mounted. Opts: (null)
         Starting Monitoring of LVM2 mirrors... dmeventd or progress polling...
         Mounting Debug File System...
         Starting Uncomplicated firewall...
         Starting Create list of required st... nodes for the current kernel...
         Starting Nameserver information manager...
         Mounting POSIX Message Queue File System...
[[0;32m  OK  [0m] Reached target Slices.
[[0;32m  OK  [0m] Created slice system-postgresql.slice.
         Starting Load Kernel Modules...
[[0;32m  OK  [0m] Mounted POSIX Message Queue File System.
[[0;32m  OK  [0m] Mounted Debug File System.
[[0;32m  OK  [0m] Mounted Huge Pages File System.
[[0;32m  OK  [0m] Started Journal Service.
[[0;32m  OK  [0m] Started Remount Root and Kernel File Systems.
[[0;32m  OK  [0m] Started Uncomplicated firewall.
[[0;32m  OK  [0m] Started Create list of required sta...ce nodes for the current kernel.
[   16.586856] Loading iSCSI transport class v2.0-870.
[   16.645222] iscsi: registered transport (tcp)
[[0;32m  OK  [0m] Started Nameserver information manager.
[[0;32m  OK  [0m] Started LVM2 metadata daemon.
         Starting Create Static Device Nodes in /dev...
         Starting udev Coldplug all Devices...
         Starting Load/Save Random Seed...
         Activating swap /swapfile...
         Starting Initial cloud-init job (pre-networking)...
         Starting Flush Journal to Persistent Storage...
[   17.006332] systemd-journald[440]: Received request to flush runtime journal from PID 1
[[0;32m  OK  [0m] Started Flush Journal to Persistent Storage.
[[0;32m  OK  [0m] Started udev Coldplug all Devices.
[   17.156949] iscsi: registered transport (iser)
[[0;32m  OK  [0m] Started Load Kernel Modules.
         Mounting Configuration File System...
         Starting Apply Kernel Variables...
         Mounting FUSE Control File System...
[[0;32m  OK  [0m] Mounted Configuration File System.
[[0;32m  OK  [0m] Started Load/Save Random Seed.
[[0;32m  OK  [0m] Mounted FUSE Control File System.
[[0;32m  OK  [0m] Started Set the console keyboard layout.
[   17.331783] Adding 2097148k swap on /swapfile.  Priority:-1 extents:6 across:2498556k FS
[[0;32m  OK  [0m] Activated swap /swapfile.
[[0;32m  OK  [0m] Reached target Swap.
[[0;32m  OK  [0m] Started Monitoring of LVM2 mirrors,...ng dmeventd or progress polling.
[[0;32m  OK  [0m] Started Apply Kernel Variables.
[[0;32m  OK  [0m] Started Create Static Device Nodes in /dev.
         Starting udev Kernel Device Manager...
[[0;32m  OK  [0m] Started udev Kernel Device Manager.
[[0;32m  OK  [0m] Started Dispatch Password Requests to Console Directory Watch.
[[0;32m  OK  [0m] Reached target Local File Systems (Pre).
[[0;32m  OK  [0m] Reached target Local File Systems.
         Starting Set console font and keymap...
         Starting AppArmor initialization...
         Starting Create Volatile Files and Directories...
         Starting ebtables ruleset management...
         Starting Tell Plymouth To Write Out Runtime Data...
[[0;32m  OK  [0m] Started Set console font and keymap.
[[0;32m  OK  [0m] Started Create Volatile Files and Directories.
[[0;32m  OK  [0m] Started Tell Plymouth To Write Out Runtime Data.
[[0;32m  OK  [0m] Reached target System Time Synchronized.
         Starting Update UTMP about System Boot/Shutdown...
[[0;32m  OK  [0m] Started ebtables ruleset management.
[[0;32m  OK  [0m] Started Update UTMP about System Boot/Shutdown.
[[0;32m  OK  [0m] Found device /dev/ttyS0.
[[0;32m  OK  [0m] Found device 82540EM Gigabit Ethern...r (PRO/1000 MT Desktop Adapter).
[[0;32m  OK  [0m] Started AppArmor initialization.
[[0;32m  OK  [0m] Listening on Load/Save RF Kill Switch Status /dev/rfkill Watch.
[   22.986730] cloud-init[485]: Cloud-init v. 0.7.9 running 'init-local' at Sun, 05 Mar 2017 10:03:56 +0000. Up 22.21 seconds.
[[0;32m  OK  [0m] Started Initial cloud-init job (pre-networking).
[[0;32m  OK  [0m] Reached target Network (Pre).
         Starting Raise network interfaces...
[[0;32m  OK  [0m] Started ifup for enp0s3.
[[0;32m  OK  [0m] Started Raise network interfaces.
[[0;32m  OK  [0m] Reached target Network.
         Starting Initial cloud-init job (metadata service crawler)...
[   24.954580] cloud-init[1190]: Cloud-init v. 0.7.9 running 'init' at Sun, 05 Mar 2017 10:03:58 +0000. Up 24.23 seconds.
[   24.963931] cloud-init[1190]: ci-info: +++++++++++++++++++++++++++++Net device info++++++++++++++++++++++++++++++
[   24.976988] cloud-init[1190]: ci-info: +---------+------+-----------+---------------+-------+-------------------+
[   24.981535] cloud-init[1190]: ci-info: |  Device |  Up  |  Address  |      Mask     | Scope |     Hw-Address    |
[   24.985183] cloud-init[1190]: ci-info: +---------+------+-----------+---------------+-------+-------------------+
[   24.988749] cloud-init[1190]: ci-info: | enp0s3: | True | 10.0.2.15 | 255.255.255.0 |   .   | 02:7c:2c:53:31:ef |
[   24.993127] cloud-init[1190]: ci-info: | enp0s3: | True |     .     |       .       |   d   | 02:7c:2c:53:31:ef |
[   24.996978] cloud-init[1190]: ci-info: |   lo:   | True | 127.0.0.1 |   255.0.0.0   |   .   |         .         |
[   25.001050] cloud-init[1190]: ci-info: |   lo:   | True |     .     |       .       |   d   |         .         |
[   25.004800] cloud-init[1190]: ci-info: +---------+------+-----------+---------------+-------+-------------------+
[   25.009403] cloud-init[1190]: ci-info: +++++++++++++++++++++++++++Route IPv4 info++++++++++++++++++++++++++++
[   25.013645] cloud-init[1190]: ci-info: +-------+-------------+----------+---------------+-----------+-------+
[   25.017450] cloud-init[1190]: ci-info: | Route | Destination | Gateway  |    Genmask    | Interface | Flags |
[   25.020998] cloud-init[1190]: ci-info: +-------+-------------+----------+---------------+-----------+-------+
[   25.024600] cloud-init[1190]: ci-info: |   0   |   0.0.0.0   | 10.0.2.2 |    0.0.0.0    |   enp0s3  |   UG  |
[   25.028218] cloud-init[1190]: ci-info: |   1   |   10.0.2.0  | 0.0.0.0  | 255.255.255.0 |   enp0s3  |   U   |
[   25.032335] cloud-init[1190]: ci-info: +-------+-------------+----------+---------------+-----------+-------+
[[0;32m  OK  [0m] Started Initial cloud-init job (metadata service crawler).
[[0;32m  OK  [0m] Reached target System Initialization.
[[0;32m  OK  [0m] Listening on D-Bus System Message Bus Socket.
[[0;32m  OK  [0m] Started ACPI Events Check.
[[0;32m  OK  [0m] Reached target Paths.
[[0;32m  OK  [0m] Listening on ACPID Listen Socket.
[[0;32m  OK  [0m] Listening on UUID daemon activation socket.
         Starting Socket activation for snappy daemon.
[[0;32m  OK  [0m] Started Timer to automatically refresh installed snaps.
[[0;32m  OK  [0m] Started Daily Cleanup of Temporary Directories.
         Starting LXD - unix socket.
[[0;32m  OK  [0m] Started Daily apt activities.
[[0;32m  OK  [0m] Reached target Timers.
[[0;32m  OK  [0m] Reached target Network is Online.
         Starting iSCSI initiator daemon (iscsid)...
[[0;32m  OK  [0m] Reached target Cloud-config availability.
[[0;32m  OK  [0m] Listening on Socket activation for snappy daemon.
[[0;32m  OK  [0m] Listening on LXD - unix socket.
[[0;32m  OK  [0m] Reached target Sockets.
[[0;32m  OK  [0m] Reached target Basic System.
         Starting Accounts Service...
[[0;32m  OK  [0m] Started memcached daemon.
         Starting LSB: Record successful boot for GRUB...
         Starting Login Service...
         Starting Network Name Resolution...
         Starting LXD - container startup/shutdown...
         Starting MySQL Community Server...
         Starting Advanced key-value store...
[[0;32m  OK  [0m] Started FUSE filesystem for LXC.
         Starting RabbitMQ Messaging Server...
[[0;32m  OK  [0m] Started D-Bus System Message Bus.
[[0;32m  OK  [0m] Started Regular background program processing daemon.
         Starting OpenBSD Secure Shell server...
[[0;32m  OK  [0m] Started Deferred execution scheduler.
         Starting PostgreSQL Cluster 9.5-main...
[[0;32m  OK  [0m] Started ACPI event daemon.
         Starting System Logging Service...
         Starting Apply the settings specified in cloud-config...
[[0;32m  OK  [0m] Started Snappy daemon.
         Starting Auto import assertions from block devices...
[[0;32m  OK  [0m] Started iSCSI initiator daemon (iscsid).
[[0;32m  OK  [0m] Started Auto import assertions from block devices.
[[0;32m  OK  [0m] Started Login Service.
         Starting Authenticate and Authorize Users to Run Privileged Tasks...
         Starting Login to default iSCSI targets...
[[0;32m  OK  [0m] Started Network Name Resolution.
[[0;32m  OK  [0m] Started LSB: Record successful boot for GRUB.
[[0;32m  OK  [0m] Started System Logging Service.
[[0;32m  OK  [0m] Started Authenticate and Authorize Users to Run Privileged Tasks.
[[0;32m  OK  [0m] Started Accounts Service.
[[0;32m  OK  [0m] Started Login to default iSCSI targets.
[[0;32m  OK  [0m] Reached target Remote File Systems (Pre).
[[0;32m  OK  [0m] Reached target Remote File Systems.
         Starting Permit User Sessions...
         Starting LSB: Start/stop sysstat's sadc...
         Starting LSB: daemon to balance interrupts for SMP systems...
         Starting LSB: VirtualBox Linux Additions...
         Starting LSB: automatic crash report generation...
[[0;32m  OK  [0m] Started OpenBSD Secure Shell server.
[[0;32m  OK  [0m] Started Permit User Sessions.
         Starting Hold until boot process finishes up...
         Starting Terminate Plymouth Boot Screen...
[[0;32m  OK  [0m] Started Hold until boot process finishes up.
[[0;32m  OK  [0m] Started Terminate Plymouth Boot Screen.
[[0;32m  OK  [0m] Started Serial Getty on ttyS0.
         Starting Set console scheme...
[[0;32m  OK  [0m] Started LSB: Start/stop sysstat's sadc.
[[0;32m  OK  [0m] Started Advanced key-value store.
[[0;32m  OK  [0m] Started Set console scheme.
[[0;32m  OK  [0m] Created slice system-getty.slice.
[[0;32m  OK  [0m] Started Getty on tty1.
[[0;32m  OK  [0m] Reached target Login Prompts.
[[0;32m  OK  [0m] Started LSB: automatic crash report generation.
[[0;32m  OK  [0m] Started LSB: daemon to balance interrupts for SMP systems.
[   28.943963] cloud-init[1589]: Cloud-init v. 0.7.9 running 'modules:config' at Sun, 05 Mar 2017 10:04:02 +0000. Up 28.17 seconds.
[[0;32m  OK  [0m] Started Apply the settings specified in cloud-config.
[[0;32m  OK  [0m] Started LSB: VirtualBox Linux Additions.
[[0;32m  OK  [0m] Created slice User Slice of ubuntu.
         Starting User Manager for UID 1000...
[[0;32m  OK  [0m] Started Session 1 of user ubuntu.

Ubuntu 16.10 rails-dev-box ttyS0

rails-dev-box login: [   46.326704] cloud-init[2458]: Cloud-init v. 0.7.9 running 'modules:final' at Sun, 05 Mar 2017 10:04:19 +0000. Up 45.76 seconds.
[   46.327299] cloud-init[2458]: Cloud-init v. 0.7.9 finished at Sun, 05 Mar 2017 10:04:20 +0000. Datasource DataSourceNoCloud [seed=/dev/sdb][dsmode=net].  Up 46.31 seconds
